{
    "allKeys": {
        "status": 202,
        "title": "Sent"
    },
    "withoutAttachments": {
        "status": 202,
        "title": "Sent"
    },
    "onlyRequired": {
        "status": 202,
        "title": "Sent"
    }
}